
> react-kavia@0.1.0 start
> cross-env EDIT_MODE=true webpack serve --config .ve/webpack.config.js --mode development

<i> [webpack-dev-server] Project is running at:
<i> [webpack-dev-server] Loopback: http://localhost:3000/, http://[::1]:3000/
<i> [webpack-dev-server] On Your Network (IPv4): http://172.17.0.2:3000/
<i> [webpack-dev-server] Content not from webpack is served from './public' directory
Injecting EditorRootWrapper import: ../.ve/EditorRootWrapper
asset bundle.js 1.45 MiB [emitted] (name: main)
asset index.html 1.98 KiB [emitted]
runtime modules 27.5 KiB 14 modules
cacheable modules 1.31 MiB
  modules by path ./node_modules/ 1.24 MiB 31 modules
  modules by path ./src/ 56.5 KiB
    modules by path ./src/components/*.js 36.7 KiB 5 modules
    modules by path ./src/*.css 10.3 KiB 4 modules
    modules by path ./src/*.js 9.54 KiB
      ./src/index.js 530 bytes [built] [code generated]
      + 2 modules
  modules by path ./.ve/ 15.1 KiB
    modules by path ./.ve/*.js 10.6 KiB 2 modules
    modules by path ./.ve/*.css 2.93 KiB 2 modules
    ./.ve/EditorOverlay.jsx 1.58 KiB [built] [code generated]
webpack 5.99.9 compiled successfully in 1555 ms
assets by status 1.98 KiB [cached] 1 asset
assets by path *.js 1.48 MiB
  asset bundle.js 1.45 MiB [emitted] (name: main)
  asset main.762fc71ee0b8531ff311.hot-update.js 28.6 KiB [emitted] [immutable] [hmr] (name: main)
asset main.762fc71ee0b8531ff311.hot-update.json 28 bytes [emitted] [immutable] [hmr]
Entrypoint main 1.48 MiB = bundle.js 1.45 MiB main.762fc71ee0b8531ff311.hot-update.js 28.6 KiB
cached modules 1.29 MiB [cached] 47 modules
runtime modules 27.5 KiB 14 modules
./src/components/QuizGame.js 22.8 KiB [built] [code generated]
webpack 5.99.9 compiled successfully in 229 ms
assets by status 1.98 KiB [cached] 1 asset
assets by path *.js 1.48 MiB
  asset bundle.js 1.45 MiB [emitted] (name: main)
  asset main.7df6a73d44baf1c380ae.hot-update.js 27.9 KiB [emitted] [immutable] [hmr] (name: main)
asset main.7df6a73d44baf1c380ae.hot-update.json 28 bytes [emitted] [immutable] [hmr]
Entrypoint main 1.48 MiB = bundle.js 1.45 MiB main.7df6a73d44baf1c380ae.hot-update.js 27.9 KiB
cached modules 1.29 MiB [cached] 47 modules
runtime modules 27.5 KiB 14 modules
./src/components/QuizGame.js 22.2 KiB [built] [code generated]
webpack 5.99.9 compiled successfully in 97 ms
assets by status 1.98 KiB [cached] 1 asset
assets by path *.js 1.48 MiB
  asset bundle.js 1.45 MiB [emitted] (name: main)
  asset main.4627ba50b0b3fdf51e77.hot-update.js 28.7 KiB [emitted] [immutable] [hmr] (name: main)
asset main.4627ba50b0b3fdf51e77.hot-update.json 28 bytes [emitted] [immutable] [hmr]
Entrypoint main 1.48 MiB = bundle.js 1.45 MiB main.4627ba50b0b3fdf51e77.hot-update.js 28.7 KiB
cached modules 1.29 MiB [cached] 47 modules
runtime modules 27.5 KiB 14 modules
./src/components/QuizGame.js 22.9 KiB [built] [code generated]
webpack 5.99.9 compiled successfully in 99 ms
assets by status 1.98 KiB [cached] 1 asset
assets by path *.js 1.48 MiB
  asset bundle.js 1.45 MiB [emitted] (name: main)
  asset main.88b620ac8ef77d7a3ec9.hot-update.js 28.9 KiB [emitted] [immutable] [hmr] (name: main)
asset main.88b620ac8ef77d7a3ec9.hot-update.json 28 bytes [emitted] [immutable] [hmr]
Entrypoint main 1.48 MiB = bundle.js 1.45 MiB main.88b620ac8ef77d7a3ec9.hot-update.js 28.9 KiB
cached modules 1.29 MiB [cached] 47 modules
runtime modules 27.5 KiB 14 modules
./src/components/QuizGame.js 23.1 KiB [built] [code generated]
webpack 5.99.9 compiled successfully in 85 ms
